// Jest Snapshot v1, https://goo.gl/fbAQLP

exports[`CDK template has default test workflow included by default 1`] = `
"# ~~ Generated by projen. To modify, edit .projenrc.ts and run "npx projen".

name: test
on:
  pull_request:
    types:
      - opened
      - synchronize
  push:
    branches:
      - main
jobs:
  lint:
    runs-on: ubuntu-latest
    permissions:
      contents: read
    steps:
      - uses: actions/checkout@v3
        with:
          fetch-depth: 0
      - uses: actions/setup-node@v3
        with:
          node-version: 18
      - name: Cache node_modules
        id: cache-deps
        uses: actions/cache@v3
        with:
          key: \${{ hashFiles('./package-lock.json') }}
          path: ./node_modules
      - name: Install dependencies
        if: \${{ steps.cache-deps.outputs.cache-hit != 'true' }}
        run: npm ci
      - name: Execute the command
        run: npm run lint
  unit-tests:
    runs-on: ubuntu-latest
    permissions:
      contents: read
    steps:
      - uses: actions/checkout@v3
        with:
          fetch-depth: 0
      - uses: actions/setup-node@v3
        with:
          node-version: 18
      - name: Cache node_modules
        id: cache-deps
        uses: actions/cache@v3
        with:
          key: \${{ hashFiles('./package-lock.json') }}
          path: ./node_modules
      - name: Install dependencies
        if: \${{ steps.cache-deps.outputs.cache-hit != 'true' }}
        run: npm ci
      - name: Execute the command
        run: npm run test
  typecheck:
    runs-on: ubuntu-latest
    permissions:
      contents: read
    steps:
      - uses: actions/checkout@v3
        with:
          fetch-depth: 0
      - uses: actions/setup-node@v3
        with:
          node-version: 18
      - name: Cache node_modules
        id: cache-deps
        uses: actions/cache@v3
        with:
          key: \${{ hashFiles('./package-lock.json') }}
          path: ./node_modules
      - name: Install dependencies
        if: \${{ steps.cache-deps.outputs.cache-hit != 'true' }}
        run: npm ci
      - name: Execute the command
        run: npm run typecheck
"
`;

exports[`CDK template sets defaults 1`] = `
{
  ".eslintrc.json": {
    "env": {
      "browser": true,
      "jest": true,
      "node": true,
    },
    "extends": [
      "plugin:import/typescript",
      "plugin:@cspell/recommended",
    ],
    "globals": {
      "document": "readonly",
      "navigator": "readonly",
      "window": "readonly",
    },
    "ignorePatterns": "!.projenrc.ts",
    "overrides": [
      {
        "files": [
          "**/__tests__/*",
        ],
        "rules": {
          "import/no-relative-parent-imports": "off",
        },
      },
    ],
    "parser": "@typescript-eslint/parser",
    "parserOptions": {
      "ecmaFeatures": {
        "jsx": true,
      },
      "ecmaVersion": 2020,
      "sourceType": "module",
    },
    "plugins": [
      "@typescript-eslint",
      "eslint-comments",
      "import",
      "@ottofeller/ottofeller",
      "@cspell",
    ],
    "rules": {
      "@typescript-eslint/ban-ts-comment": [
        "error",
        {
          "ts-expect-error": "allow-with-description",
          "ts-ignore": "allow-with-description",
        },
      ],
      "@typescript-eslint/consistent-type-assertions": [
        "error",
        {
          "assertionStyle": "never",
        },
      ],
      "@typescript-eslint/consistent-type-definitions": [
        "error",
        "type",
      ],
      "@typescript-eslint/no-shadow": [
        "error",
      ],
      "@typescript-eslint/no-unused-expressions": [
        "error",
      ],
      "@typescript-eslint/no-unused-vars": [
        "error",
        {
          "argsIgnorePattern": "^_",
        },
      ],
      "curly": [
        "error",
      ],
      "eslint-comments/disable-enable-pair": [
        "error",
        {
          "allowWholeFile": true,
        },
      ],
      "eslint-comments/no-aggregating-enable": [
        "error",
      ],
      "eslint-comments/no-duplicate-disable": [
        "error",
      ],
      "eslint-comments/no-unlimited-disable": [
        "error",
      ],
      "eslint-comments/no-unused-disable": [
        "error",
      ],
      "eslint-comments/no-unused-enable": [
        "error",
      ],
      "eslint-comments/no-use": [
        "error",
        {
          "allow": [
            "eslint-disable",
            "eslint-disable-next-line",
            "eslint-enable",
          ],
        },
      ],
      "eslint-comments/require-description": [
        "error",
        {
          "ignore": [
            "eslint-enable",
          ],
        },
      ],
      "import/no-relative-parent-imports": [
        "error",
      ],
      "no-negated-condition": [
        "error",
      ],
      "no-nested-ternary": [
        "error",
      ],
      "padding-line-between-statements": [
        "error",
        {
          "blankLine": "any",
          "next": "*",
          "prev": "*",
        },
        {
          "blankLine": "always",
          "next": "multiline-block-like",
          "prev": "*",
        },
        {
          "blankLine": "always",
          "next": "*",
          "prev": "multiline-block-like",
        },
        {
          "blankLine": "always",
          "next": "multiline-const",
          "prev": "*",
        },
        {
          "blankLine": "always",
          "next": "*",
          "prev": "multiline-const",
        },
        {
          "blankLine": "always",
          "next": "multiline-expression",
          "prev": "*",
        },
        {
          "blankLine": "always",
          "next": "*",
          "prev": "multiline-expression",
        },
        {
          "blankLine": "always",
          "next": "multiline-let",
          "prev": "*",
        },
        {
          "blankLine": "always",
          "next": "*",
          "prev": "multiline-let",
        },
        {
          "blankLine": "never",
          "next": [
            "singleline-const",
            "singleline-let",
          ],
          "prev": [
            "singleline-const",
            "singleline-let",
          ],
        },
      ],
    },
    "settings": {
      "react": {
        "pragma": "React",
        "version": "17",
      },
    },
  },
  ".gitattributes": "# ~~ Generated by projen. To modify, edit .projenrc.ts and run "npx projen".

/.eslintrc.json linguist-generated
/.gitattributes linguist-generated
/.github/dependabot.yml linguist-generated
/.github/workflows/projen-drift-check.yml linguist-generated
/.github/workflows/release.yml linguist-generated
/.github/workflows/test.yml linguist-generated
/.gitignore linguist-generated
/.npmignore linguist-generated
/.npmrc linguist-generated
/.prettierrc.json linguist-generated
/.projen/** linguist-generated
/.projen/deps.json linguist-generated
/.projen/files.json linguist-generated
/.projen/tasks.json linguist-generated
/.vscode/extensions.json linguist-generated
/.vscode/settings.json linguist-generated
/cdk.json linguist-generated
/LICENSE linguist-generated
/package-lock.json linguist-generated
/package.json linguist-generated
/tsconfig.dev.json linguist-generated
/tsconfig.json linguist-generated",
  ".github/dependabot.yml": "# ~~ Generated by projen. To modify, edit .projenrc.ts and run "npx projen".

version: 2
updates:
  - package-ecosystem: npm
    versioning-strategy: lockfile-only
    directory: /
    schedule:
      interval: weekly
    ignore:
      - dependency-name: projen
",
  ".github/workflows/projen-drift-check.yml": "# ~~ Generated by projen. To modify, edit .projenrc.ts and run "npx projen".

name: projen-drift-check
on:
  pull_request:
    paths:
      - .projenrc.ts
    types:
      - opened
      - synchronize
  push:
    paths:
      - .projenrc.ts
    branches:
      - main
jobs:
  projen-drift-check:
    runs-on: ubuntu-latest
    permissions:
      contents: read
    steps:
      - uses: actions/checkout@v3
        with:
          fetch-depth: 0
      - uses: actions/setup-node@v3
        with:
          node-version: 18
      - name: Cache node_modules
        id: cache-deps
        uses: actions/cache@v3
        with:
          key: \${{ hashFiles('./package-lock.json') }}
          path: ./node_modules
      - name: Install dependencies
        if: \${{ steps.cache-deps.outputs.cache-hit != 'true' }}
        run: npm ci
      - name: Execute the command
        run: npm run default
      - name: Check git
        run: CHANGES=$(git status --porcelain) && [ -z $CHANGES ] || { echo $CHANGES; exit 1; }
",
  ".github/workflows/release.yml": "# ~~ Generated by projen. To modify, edit .projenrc.ts and run "npx projen".

name: release
on:
  workflow_dispatch:
    inputs:
      bump_level:
        description: Version level to bump
        default: patch
        required: false
        type: choice
        options:
          - none
          - patch
          - minor
          - major
jobs:
  create:
    runs-on: ubuntu-latest
    permissions:
      contents: read
    steps:
      - uses: ottofeller/github-actions/create-release@main
        with:
          initial-version: 0.0.1
          bump-level: \${{ github.event.inputs.bump-level }}
          release-branches: master
          update-root-package_json: true
          github-token: \${{ secrets.GITHUB_TOKEN }}
",
  ".github/workflows/test.yml": "# ~~ Generated by projen. To modify, edit .projenrc.ts and run "npx projen".

name: test
on:
  pull_request:
    types:
      - opened
      - synchronize
  push:
    branches:
      - main
jobs:
  lint:
    runs-on: ubuntu-latest
    permissions:
      contents: read
    steps:
      - uses: actions/checkout@v3
        with:
          fetch-depth: 0
      - uses: actions/setup-node@v3
        with:
          node-version: 18
      - name: Cache node_modules
        id: cache-deps
        uses: actions/cache@v3
        with:
          key: \${{ hashFiles('./package-lock.json') }}
          path: ./node_modules
      - name: Install dependencies
        if: \${{ steps.cache-deps.outputs.cache-hit != 'true' }}
        run: npm ci
      - name: Execute the command
        run: npm run lint
  unit-tests:
    runs-on: ubuntu-latest
    permissions:
      contents: read
    steps:
      - uses: actions/checkout@v3
        with:
          fetch-depth: 0
      - uses: actions/setup-node@v3
        with:
          node-version: 18
      - name: Cache node_modules
        id: cache-deps
        uses: actions/cache@v3
        with:
          key: \${{ hashFiles('./package-lock.json') }}
          path: ./node_modules
      - name: Install dependencies
        if: \${{ steps.cache-deps.outputs.cache-hit != 'true' }}
        run: npm ci
      - name: Execute the command
        run: npm run test
  typecheck:
    runs-on: ubuntu-latest
    permissions:
      contents: read
    steps:
      - uses: actions/checkout@v3
        with:
          fetch-depth: 0
      - uses: actions/setup-node@v3
        with:
          node-version: 18
      - name: Cache node_modules
        id: cache-deps
        uses: actions/cache@v3
        with:
          key: \${{ hashFiles('./package-lock.json') }}
          path: ./node_modules
      - name: Install dependencies
        if: \${{ steps.cache-deps.outputs.cache-hit != 'true' }}
        run: npm ci
      - name: Execute the command
        run: npm run typecheck
",
  ".gitignore": "# ~~ Generated by projen. To modify, edit .projenrc.ts and run "npx projen".
!/.gitattributes
!/.projen/tasks.json
!/.projen/deps.json
!/.projen/files.json
!/package.json
!/LICENSE
!/.npmignore
logs
*.log
npm-debug.log*
yarn-debug.log*
yarn-error.log*
lerna-debug.log*
report.[0-9]*.[0-9]*.[0-9]*.[0-9]*.json
pids
*.pid
*.seed
*.pid.lock
lib-cov
coverage
*.lcov
.nyc_output
build/Release
node_modules/
jspm_packages/
*.tsbuildinfo
.eslintcache
*.tgz
.yarn-integrity
.cache
!/.projenrc.js
!/.github/dependabot.yml
!/.npmrc
!/test/
!/tsconfig.json
!/tsconfig.dev.json
!/src/
/lib
/dist/
/assets/
!/cdk.json
/cdk.out/
.cdk.staging/
.parcel-cache/
!/.prettierrc.json
!/.eslintrc.json
!/.github/workflows/release.yml
!/.github/workflows/test.yml
!/.github/workflows/projen-drift-check.yml
!/.vscode/extensions.json
!/.vscode/settings.json
.DS_Store
.env.local
target/
.idea/
",
  ".npmignore": "# ~~ Generated by projen. To modify, edit .projenrc.ts and run "npx projen".
/.projen/
/test/
/tsconfig.dev.json
/src/
!/lib/
!/lib/**/*.js
!/lib/**/*.d.ts
dist
/tsconfig.json
/.github/
/.vscode/
/.idea/
/.projenrc.js
tsconfig.tsbuildinfo
!/assets/
cdk.out/
.cdk.staging/
",
  ".prettierrc.json": {
    "arrowParens": "always",
    "bracketSameLine": false,
    "bracketSpacing": false,
    "embeddedLanguageFormatting": "auto",
    "endOfLine": "lf",
    "htmlWhitespaceSensitivity": "css",
    "insertPragma": false,
    "jsxSingleQuote": false,
    "printWidth": 120,
    "proseWrap": "preserve",
    "quoteProps": "as-needed",
    "rangeStart": 0,
    "requirePragma": false,
    "semi": false,
    "singleAttributePerLine": false,
    "singleQuote": true,
    "tabWidth": 2,
    "trailingComma": "all",
    "useTabs": false,
    "vueIndentScriptAndStyle": false,
  },
  ".projen/deps.json": {
    "//": "~~ Generated by projen. To modify, edit .projenrc.ts and run "npx projen".",
    "dependencies": [
      {
        "name": "@cspell/eslint-plugin",
        "type": "build",
      },
      {
        "name": "@ottofeller/eslint-plugin-ottofeller",
        "type": "build",
      },
      {
        "name": "@types/node",
        "type": "build",
        "version": "^16",
      },
      {
        "name": "@typescript-eslint/eslint-plugin",
        "type": "build",
        "version": "6",
      },
      {
        "name": "@typescript-eslint/parser",
        "type": "build",
        "version": "6",
      },
      {
        "name": "@typescript-eslint/typescript-estree",
        "type": "build",
        "version": "6",
      },
      {
        "name": "aws-cdk",
        "type": "build",
        "version": "^2.1.0",
      },
      {
        "name": "esbuild",
        "type": "build",
      },
      {
        "name": "eslint-plugin-eslint-comments",
        "type": "build",
      },
      {
        "name": "eslint-plugin-import",
        "type": "build",
      },
      {
        "name": "eslint",
        "type": "build",
        "version": "8",
      },
      {
        "name": "prettier",
        "type": "build",
      },
      {
        "name": "prettier-plugin-organize-imports",
        "type": "build",
      },
      {
        "name": "projen",
        "type": "build",
      },
      {
        "name": "ts-node",
        "type": "build",
      },
      {
        "name": "typescript",
        "type": "build",
      },
      {
        "name": "aws-cdk-lib",
        "type": "runtime",
        "version": "^2.1.0",
      },
      {
        "name": "cdk-nag",
        "type": "runtime",
        "version": "2",
      },
      {
        "name": "constructs",
        "type": "runtime",
        "version": "^10.0.5",
      },
    ],
  },
  ".projen/files.json": {
    "//": "~~ Generated by projen. To modify, edit .projenrc.ts and run "npx projen".",
    "files": [
      ".eslintrc.json",
      ".gitattributes",
      ".github/dependabot.yml",
      ".github/workflows/projen-drift-check.yml",
      ".github/workflows/release.yml",
      ".github/workflows/test.yml",
      ".gitignore",
      ".npmignore",
      ".npmrc",
      ".prettierrc.json",
      ".projen/deps.json",
      ".projen/files.json",
      ".projen/tasks.json",
      ".vscode/extensions.json",
      ".vscode/settings.json",
      "cdk.json",
      "LICENSE",
      "tsconfig.dev.json",
      "tsconfig.json",
    ],
  },
  ".projen/tasks.json": {
    "//": "~~ Generated by projen. To modify, edit .projenrc.ts and run "npx projen".",
    "env": {
      "PATH": "$(npx -c "node --print process.env.PATH")",
    },
    "tasks": {
      "bundle": {
        "description": "Prepare assets",
        "name": "bundle",
      },
      "default": {
        "description": "Synthesize project files",
        "name": "default",
        "steps": [
          {
            "exec": "ts-node --project tsconfig.dev.json .projenrc.ts",
          },
        ],
      },
      "eject": {
        "description": "Remove projen from the project",
        "env": {
          "PROJEN_EJECTING": "true",
        },
        "name": "eject",
        "steps": [
          {
            "spawn": "default",
          },
        ],
      },
      "install": {
        "description": "Install project dependencies and update lockfile (non-frozen)",
        "name": "install",
        "steps": [
          {
            "exec": "npm install",
          },
        ],
      },
      "install:ci": {
        "description": "Install project dependencies using frozen lockfile",
        "name": "install:ci",
        "steps": [
          {
            "exec": "npm ci",
          },
        ],
      },
    },
  },
  ".vscode/extensions.json": {
    "recommendations": [
      "amazonwebservices.aws-toolkit-vscode",
      "bradlc.vscode-tailwindcss",
      "dbaeumer.vscode-eslint",
      "esbenp.prettier-vscode",
      "exodiusstudios.comment-anchors",
      "github.copilot",
      "github.vscode-pull-request-github",
      "graphql.vscode-graphql",
      "mikestead.dotenv",
      "mohsen1.prettify-json",
      "ms-azuretools.vscode-docker",
      "orta.vscode-jest",
      "Quidgest.vscode-velocity",
      "streetsidesoftware.code-spell-checker",
    ],
    "unwantedRecommendations": [
      "DavidAnson.vscode-markdownlint",
      "GoogleCloudTools.cloudcode",
      "ms-kubernetes-tools.vscode-kubernetes-tools",
    ],
  },
  ".vscode/settings.json": {
    "//": "~~ Generated by projen. To modify, edit .projenrc.ts and run "npx projen".",
    "[dockerfile]": {
      "editor.defaultFormatter": "ms-azuretools.vscode-docker",
    },
    "eslint.options": {
      "cache": true,
      "reportUnusedDisableDirectives": "error",
    },
    "eslint.useESLintClass": true,
    "json.schemaDownload.enable": true,
    "path-autocomplete.extensionOnImport": true,
    "typescript.tsdk": "node_modules/typescript/lib",
  },
  "LICENSE": "
                                 Apache License
                           Version 2.0, January 2004
                        http://www.apache.org/licenses/

   TERMS AND CONDITIONS FOR USE, REPRODUCTION, AND DISTRIBUTION

   1. Definitions.

      "License" shall mean the terms and conditions for use, reproduction,
      and distribution as defined by Sections 1 through 9 of this document.

      "Licensor" shall mean the copyright owner or entity authorized by
      the copyright owner that is granting the License.

      "Legal Entity" shall mean the union of the acting entity and all
      other entities that control, are controlled by, or are under common
      control with that entity. For the purposes of this definition,
      "control" means (i) the power, direct or indirect, to cause the
      direction or management of such entity, whether by contract or
      otherwise, or (ii) ownership of fifty percent (50%) or more of the
      outstanding shares, or (iii) beneficial ownership of such entity.

      "You" (or "Your") shall mean an individual or Legal Entity
      exercising permissions granted by this License.

      "Source" form shall mean the preferred form for making modifications,
      including but not limited to software source code, documentation
      source, and configuration files.

      "Object" form shall mean any form resulting from mechanical
      transformation or translation of a Source form, including but
      not limited to compiled object code, generated documentation,
      and conversions to other media types.

      "Work" shall mean the work of authorship, whether in Source or
      Object form, made available under the License, as indicated by a
      copyright notice that is included in or attached to the work
      (an example is provided in the Appendix below).

      "Derivative Works" shall mean any work, whether in Source or Object
      form, that is based on (or derived from) the Work and for which the
      editorial revisions, annotations, elaborations, or other modifications
      represent, as a whole, an original work of authorship. For the purposes
      of this License, Derivative Works shall not include works that remain
      separable from, or merely link (or bind by name) to the interfaces of,
      the Work and Derivative Works thereof.

      "Contribution" shall mean any work of authorship, including
      the original version of the Work and any modifications or additions
      to that Work or Derivative Works thereof, that is intentionally
      submitted to Licensor for inclusion in the Work by the copyright owner
      or by an individual or Legal Entity authorized to submit on behalf of
      the copyright owner. For the purposes of this definition, "submitted"
      means any form of electronic, verbal, or written communication sent
      to the Licensor or its representatives, including but not limited to
      communication on electronic mailing lists, source code control systems,
      and issue tracking systems that are managed by, or on behalf of, the
      Licensor for the purpose of discussing and improving the Work, but
      excluding communication that is conspicuously marked or otherwise
      designated in writing by the copyright owner as "Not a Contribution."

      "Contributor" shall mean Licensor and any individual or Legal Entity
      on behalf of whom a Contribution has been received by Licensor and
      subsequently incorporated within the Work.

   2. Grant of Copyright License. Subject to the terms and conditions of
      this License, each Contributor hereby grants to You a perpetual,
      worldwide, non-exclusive, no-charge, royalty-free, irrevocable
      copyright license to reproduce, prepare Derivative Works of,
      publicly display, publicly perform, sublicense, and distribute the
      Work and such Derivative Works in Source or Object form.

   3. Grant of Patent License. Subject to the terms and conditions of
      this License, each Contributor hereby grants to You a perpetual,
      worldwide, non-exclusive, no-charge, royalty-free, irrevocable
      (except as stated in this section) patent license to make, have made,
      use, offer to sell, sell, import, and otherwise transfer the Work,
      where such license applies only to those patent claims licensable
      by such Contributor that are necessarily infringed by their
      Contribution(s) alone or by combination of their Contribution(s)
      with the Work to which such Contribution(s) was submitted. If You
      institute patent litigation against any entity (including a
      cross-claim or counterclaim in a lawsuit) alleging that the Work
      or a Contribution incorporated within the Work constitutes direct
      or contributory patent infringement, then any patent licenses
      granted to You under this License for that Work shall terminate
      as of the date such litigation is filed.

   4. Redistribution. You may reproduce and distribute copies of the
      Work or Derivative Works thereof in any medium, with or without
      modifications, and in Source or Object form, provided that You
      meet the following conditions:

      (a) You must give any other recipients of the Work or
          Derivative Works a copy of this License; and

      (b) You must cause any modified files to carry prominent notices
          stating that You changed the files; and

      (c) You must retain, in the Source form of any Derivative Works
          that You distribute, all copyright, patent, trademark, and
          attribution notices from the Source form of the Work,
          excluding those notices that do not pertain to any part of
          the Derivative Works; and

      (d) If the Work includes a "NOTICE" text file as part of its
          distribution, then any Derivative Works that You distribute must
          include a readable copy of the attribution notices contained
          within such NOTICE file, excluding those notices that do not
          pertain to any part of the Derivative Works, in at least one
          of the following places: within a NOTICE text file distributed
          as part of the Derivative Works; within the Source form or
          documentation, if provided along with the Derivative Works; or,
          within a display generated by the Derivative Works, if and
          wherever such third-party notices normally appear. The contents
          of the NOTICE file are for informational purposes only and
          do not modify the License. You may add Your own attribution
          notices within Derivative Works that You distribute, alongside
          or as an addendum to the NOTICE text from the Work, provided
          that such additional attribution notices cannot be construed
          as modifying the License.

      You may add Your own copyright statement to Your modifications and
      may provide additional or different license terms and conditions
      for use, reproduction, or distribution of Your modifications, or
      for any such Derivative Works as a whole, provided Your use,
      reproduction, and distribution of the Work otherwise complies with
      the conditions stated in this License.

   5. Submission of Contributions. Unless You explicitly state otherwise,
      any Contribution intentionally submitted for inclusion in the Work
      by You to the Licensor shall be under the terms and conditions of
      this License, without any additional terms or conditions.
      Notwithstanding the above, nothing herein shall supersede or modify
      the terms of any separate license agreement you may have executed
      with Licensor regarding such Contributions.

   6. Trademarks. This License does not grant permission to use the trade
      names, trademarks, service marks, or product names of the Licensor,
      except as required for reasonable and customary use in describing the
      origin of the Work and reproducing the content of the NOTICE file.

   7. Disclaimer of Warranty. Unless required by applicable law or
      agreed to in writing, Licensor provides the Work (and each
      Contributor provides its Contributions) on an "AS IS" BASIS,
      WITHOUT WARRANTIES OR CONDITIONS OF ANY KIND, either express or
      implied, including, without limitation, any warranties or conditions
      of TITLE, NON-INFRINGEMENT, MERCHANTABILITY, or FITNESS FOR A
      PARTICULAR PURPOSE. You are solely responsible for determining the
      appropriateness of using or redistributing the Work and assume any
      risks associated with Your exercise of permissions under this License.

   8. Limitation of Liability. In no event and under no legal theory,
      whether in tort (including negligence), contract, or otherwise,
      unless required by applicable law (such as deliberate and grossly
      negligent acts) or agreed to in writing, shall any Contributor be
      liable to You for damages, including any direct, indirect, special,
      incidental, or consequential damages of any character arising as a
      result of this License or out of the use or inability to use the
      Work (including but not limited to damages for loss of goodwill,
      work stoppage, computer failure or malfunction, or any and all
      other commercial damages or losses), even if such Contributor
      has been advised of the possibility of such damages.

   9. Accepting Warranty or Additional Liability. While redistributing
      the Work or Derivative Works thereof, You may choose to offer,
      and charge a fee for, acceptance of support, warranty, indemnity,
      or other liability obligations and/or rights consistent with this
      License. However, in accepting such obligations, You may act only
      on Your own behalf and on Your sole responsibility, not on behalf
      of any other Contributor, and only if You agree to indemnify,
      defend, and hold each Contributor harmless for any liability
      incurred by, or claims asserted against, such Contributor by reason
      of your accepting any such warranty or additional liability.

   END OF TERMS AND CONDITIONS

   APPENDIX: How to apply the Apache License to your work.

      To apply the Apache License to your work, attach the following
      boilerplate notice, with the fields enclosed by brackets "[]"
      replaced with your own identifying information. (Don't include
      the brackets!)  The text should be enclosed in the appropriate
      comment syntax for the file format. We also recommend that a
      file or class name and description of purpose be included on the
      same "printed page" as the copyright notice for easier
      identification within third-party archives.

   Copyright [yyyy] [name of copyright owner]

   Licensed under the Apache License, Version 2.0 (the "License");
   you may not use this file except in compliance with the License.
   You may obtain a copy of the License at

       http://www.apache.org/licenses/LICENSE-2.0

   Unless required by applicable law or agreed to in writing, software
   distributed under the License is distributed on an "AS IS" BASIS,
   WITHOUT WARRANTIES OR CONDITIONS OF ANY KIND, either express or implied.
   See the License for the specific language governing permissions and
   limitations under the License.
",
  "README.md": "# replace this",
  "cdk.json": {
    "//": "~~ Generated by projen. To modify, edit .projenrc.ts and run "npx projen".",
    "app": "npx ts-node -P tsconfig.json --prefer-ts-exts src/main.ts",
    "build": "npx projen bundle",
    "output": "cdk.out",
    "watch": {
      "exclude": [
        "README.md",
        "cdk*.json",
        "**/*.d.ts",
        "**/*.js",
        "tsconfig.json",
        "package*.json",
        "yarn.lock",
        "node_modules",
      ],
      "include": [
        "src/**/*.ts",
        "test/**/*.ts",
      ],
    },
  },
  "cspell.json": {
    "allowCompoundWords": true,
    "dictionaries": [
      "typescript",
      "node",
      "npm",
      "html",
      "css",
    ],
    "enabled": true,
    "enabledLanguageIds": [
      "typescript",
      "typescriptreact",
      "javascript",
      "markdown",
      "yaml",
      "json",
    ],
    "ignorePaths": [
      ".gitignore",
      "__tests__",
      "CoreFeatures",
      "Dockerfile",
      "generated",
      "hasura",
      "node_modules",
      "*.webp",
      "*.tsbuildinfo",
      "*.json",
      "*.config.js",
      "*.yaml",
      "*.py",
      "*.cfg",
      "*.graphql",
      "*.sum",
      "**/parameters/**/*",
    ],
    "language": "en",
    "version": "0.2",
    "words": [
      "cicd",
      "dangerules",
      "devs",
      "hasura",
      "ilike",
      "nextjs",
      "ofmt",
      "pkey",
      "projen",
      "projenrc",
      "Println",
      "testid",
      "timestamptz",
      "webm",
    ],
  },
  "package.json": {
    "//": "~~ Generated by projen. To modify, edit .projenrc.ts and run "npx projen".",
    "dependencies": {
      "aws-cdk-lib": "^2.1.0",
      "cdk-nag": "2",
      "constructs": "^10.0.5",
    },
    "devDependencies": {
      "@cspell/eslint-plugin": "*",
      "@ottofeller/eslint-plugin-ottofeller": "*",
      "@types/node": "^16",
      "@typescript-eslint/eslint-plugin": "6",
      "@typescript-eslint/parser": "6",
      "@typescript-eslint/typescript-estree": "6",
      "aws-cdk": "^2.1.0",
      "esbuild": "*",
      "eslint": "8",
      "eslint-plugin-eslint-comments": "*",
      "eslint-plugin-import": "*",
      "prettier": "*",
      "prettier-plugin-organize-imports": "*",
      "projen": "*",
      "ts-node": "*",
      "typescript": "*",
    },
    "license": "Apache-2.0",
    "name": "cdk",
    "scripts": {
      "build": "npm run default && npm run synth:silent",
      "bundle": "npx projen bundle",
      "default": "npx projen default",
      "deploy": "cdk deploy",
      "destroy": "cdk destroy",
      "diff": "cdk diff",
      "eject": "npx projen eject",
      "format": "prettier --write .projenrc.ts src && eslint --ext .js,.jsx,.ts,.tsx --ignore-pattern "!.projenrc.ts" .projenrc.ts src --fix",
      "lint": "prettier --check .projenrc.ts src && eslint --ext .js,.jsx,.ts,.tsx --ignore-pattern "!.projenrc.ts" .projenrc.ts src",
      "projen": "npx projen",
      "synth": "cdk synth",
      "synth:silent": "cdk synth -q",
      "typecheck": "tsc --noEmit --project tsconfig.dev.json",
      "watch": "cdk deploy --hotswap && cdk watch",
    },
    "version": "0.0.0",
  },
  "tsconfig.dev.json": {
    "compilerOptions": {
      "alwaysStrict": true,
      "declaration": true,
      "esModuleInterop": true,
      "experimentalDecorators": true,
      "inlineSourceMap": true,
      "inlineSources": true,
      "lib": [
        "es2019",
      ],
      "module": "CommonJS",
      "noEmitOnError": false,
      "noFallthroughCasesInSwitch": true,
      "noImplicitAny": true,
      "noImplicitReturns": true,
      "noImplicitThis": true,
      "noUnusedLocals": true,
      "noUnusedParameters": true,
      "paths": {
        "*": [
          "./src/*",
        ],
      },
      "resolveJsonModule": true,
      "skipLibCheck": true,
      "strict": true,
      "strictNullChecks": true,
      "strictPropertyInitialization": true,
      "stripInternal": true,
      "target": "es6",
    },
    "exclude": [
      "node_modules",
    ],
    "include": [
      ".projenrc.js",
      "src/**/*.ts",
      "test/**/*.ts",
      ".projenrc.ts",
      "projenrc/**/*.ts",
    ],
  },
  "tsconfig.json": {
    "compilerOptions": {
      "alwaysStrict": true,
      "declaration": true,
      "esModuleInterop": true,
      "experimentalDecorators": true,
      "inlineSourceMap": true,
      "inlineSources": true,
      "lib": [
        "es2019",
      ],
      "module": "CommonJS",
      "noEmitOnError": false,
      "noFallthroughCasesInSwitch": true,
      "noImplicitAny": true,
      "noImplicitReturns": true,
      "noImplicitThis": true,
      "noUnusedLocals": true,
      "noUnusedParameters": true,
      "outDir": "lib",
      "paths": {
        "*": [
          "./src/*",
        ],
      },
      "resolveJsonModule": true,
      "rootDir": "src",
      "skipLibCheck": true,
      "strict": true,
      "strictNullChecks": true,
      "strictPropertyInitialization": true,
      "stripInternal": true,
      "target": "es6",
    },
    "exclude": [
      "cdk.out",
    ],
    "include": [
      "src/**/*.ts",
    ],
  },
}
`;
